
Memory Configuration

Name             Origin             Length             Attributes
flash            0x00000000         0x20000000         xr
sram             0x20000000         0x20000000         xrw
*default*        0x00000000         0xffffffff

Linker script and memory map


.text           0x00000000      0x160
 *(.vectors*)
 .vectors       0x00000000       0x44 startup.o
                0x00000000                g_ptr_func_vectors
 *(.text*)
 .text          0x00000044       0x8c main.o
                0x00000044                main
 .text          0x000000d0       0x90 startup.o
                0x000000d0                reserved_for_debug
                0x000000d0                usage_falut
                0x000000d0                IRQ_0
                0x000000d0                pendSV
                0x000000d0                memory_management_falut
                0x000000d0                reserved_0
                0x000000d0                reserved_3
                0x000000d0                NMI_falut
                0x000000d0                Default_Handler
                0x000000d0                systick
                0x000000d0                reserved_2
                0x000000d0                bus_falut
                0x000000d0                reserved_4
                0x000000d0                SV_Call
                0x000000d0                hard_falut
                0x000000d0                IRQ_1
                0x000000d0                reserved_1
                0x000000dc                reset_handler
 *(.rodata)
                0x00000160                E_text = .

.glue_7         0x00000160        0x0
 .glue_7        0x00000160        0x0 linker stubs

.glue_7t        0x00000160        0x0
 .glue_7t       0x00000160        0x0 linker stubs

.vfp11_veneer   0x00000160        0x0
 .vfp11_veneer  0x00000160        0x0 linker stubs

.v4_bx          0x00000160        0x0
 .v4_bx         0x00000160        0x0 linker stubs

.iplt           0x00000160        0x0
 .iplt          0x00000160        0x0 startup.o

.rel.dyn        0x00000160        0x0
 .rel.iplt      0x00000160        0x0 startup.o

.data           0x20000000        0x0 load address 0x00000160
                0x20000000                S_data = .
 *(.data*)
 .data          0x20000000        0x0 main.o
 .data          0x20000000        0x0 startup.o
                0x20000000                . = ALIGN (0x4)
                0x20000000                E_data = .

.igot.plt       0x20000000        0x0 load address 0x00000160
 .igot.plt      0x20000000        0x0 startup.o

.bss            0x20000000      0x400 load address 0x00000160
                0x20000000                S_bss = .
 *(.bss*)
 .bss           0x20000000        0x0 main.o
 .bss           0x20000000      0x400 startup.o
                0x20000000                stack_top
                0x20000400                E_bss = .
LOAD main.o
LOAD startup.o
OUTPUT(tivaC_toggling_led.elf elf32-littlearm)
LOAD linker stubs

.debug_info     0x00000000      0x240
 .debug_info    0x00000000       0xa7 main.o
 .debug_info    0x000000a7      0x199 startup.o

.debug_abbrev   0x00000000      0x144
 .debug_abbrev  0x00000000       0x6b main.o
 .debug_abbrev  0x0000006b       0xd9 startup.o

.debug_loc      0x00000000       0xb4
 .debug_loc     0x00000000       0x38 main.o
 .debug_loc     0x00000038       0x7c startup.o

.debug_aranges  0x00000000       0x40
 .debug_aranges
                0x00000000       0x20 main.o
 .debug_aranges
                0x00000020       0x20 startup.o

.debug_line     0x00000000      0x157
 .debug_line    0x00000000       0x9c main.o
 .debug_line    0x0000009c       0xbb startup.o

.debug_str      0x00000000      0x1ae
 .debug_str     0x00000000      0x11e main.o
                                0x152 (size before relaxing)
 .debug_str     0x0000011e       0x90 startup.o
                                0x1be (size before relaxing)

.comment        0x00000000       0x49
 .comment       0x00000000       0x49 main.o
                                 0x4a (size before relaxing)
 .comment       0x00000049       0x4a startup.o

.ARM.attributes
                0x00000000       0x2e
 .ARM.attributes
                0x00000000       0x2e main.o
 .ARM.attributes
                0x0000002e       0x2e startup.o

.debug_frame    0x00000000       0x7c
 .debug_frame   0x00000000       0x2c main.o
 .debug_frame   0x0000002c       0x50 startup.o
