
Memory Configuration

Name             Origin             Length             Attributes
flash            0x08000000         0x00020000         xr
sram             0x20000000         0x00005000         xrw
*default*        0x00000000         0xffffffff

Linker script and memory map


.text           0x08000000      0x180
 *(.vectors*)
 .vectors       0x08000000       0x1c startup.o
                0x08000000                vectors
 *(.text*)
 .text          0x0800001c       0xa8 main.o
                0x0800001c                main
 .text          0x080000c4       0xbc startup.o
                0x080000c4                usage_fault
                0x080000c4                bus_fault
                0x080000c4                NMI
                0x080000c4                hard_fault
                0x080000c4                Default_Handler
                0x080000c4                mm_fault
                0x080000d0                reset_handler
                0x08000180                E_text = .

.glue_7         0x08000180        0x0
 .glue_7        0x00000000        0x0 linker stubs

.glue_7t        0x08000180        0x0
 .glue_7t       0x00000000        0x0 linker stubs

.vfp11_veneer   0x08000180        0x0
 .vfp11_veneer  0x00000000        0x0 linker stubs

.v4_bx          0x08000180        0x0
 .v4_bx         0x00000000        0x0 linker stubs

.iplt           0x08000180        0x0
 .iplt          0x00000000        0x0 main.o

.rel.dyn        0x08000180        0x0
 .rel.iplt      0x00000000        0x0 main.o

.data           0x20000000        0x4 load address 0x08000180
                0x20000000                S_data = .
 *(.data*)
 .data          0x20000000        0x4 main.o
                0x20000000                R_ODR
 .data          0x20000004        0x0 startup.o
                0x20000004                E_data = .

.igot.plt       0x20000004        0x0 load address 0x08000184
 .igot.plt      0x00000000        0x0 main.o

.bss            0x20000004      0x3ec load address 0x08000184
                0x20000004                S_bss = .
 *(.bss*)
 .bss           0x20000004        0x4 main.o
 .bss           0x20000008        0x0 startup.o
                0x20000008                E_bss = .
                0x20000008                . = ALIGN (0x4)
                0x200003f0                . = (. + 0x3e8)
 *fill*         0x20000008      0x3e8 
                0x200003f0                stack_top = .
LOAD main.o
LOAD startup.o
OUTPUT(toggle_led.elf elf32-littlearm)

.debug_info     0x00000000      0x29a
 .debug_info    0x00000000      0x131 main.o
 .debug_info    0x00000131      0x169 startup.o

.debug_abbrev   0x00000000      0x197
 .debug_abbrev  0x00000000       0xd3 main.o
 .debug_abbrev  0x000000d3       0xc4 startup.o

.debug_loc      0x00000000       0x9c
 .debug_loc     0x00000000       0x38 main.o
 .debug_loc     0x00000038       0x64 startup.o

.debug_aranges  0x00000000       0x40
 .debug_aranges
                0x00000000       0x20 main.o
 .debug_aranges
                0x00000020       0x20 startup.o

.debug_line     0x00000000      0x104
 .debug_line    0x00000000       0x56 main.o
 .debug_line    0x00000056       0xae startup.o

.debug_str      0x00000000      0x160
 .debug_str     0x00000000       0xdb main.o
                                0x10f (size before relaxing)
 .debug_str     0x000000db       0x85 startup.o
                                0x160 (size before relaxing)

.comment        0x00000000       0x11
 .comment       0x00000000       0x11 main.o
                                 0x12 (size before relaxing)
 .comment       0x00000000       0x12 startup.o

.ARM.attributes
                0x00000000       0x33
 .ARM.attributes
                0x00000000       0x33 main.o
 .ARM.attributes
                0x00000033       0x33 startup.o

.debug_frame    0x00000000       0x78
 .debug_frame   0x00000000       0x2c main.o
 .debug_frame   0x0000002c       0x4c startup.o
