
Memory Configuration

Name             Origin             Length             Attributes
Mem              0x00000000         0x04000000         xrw
*default*        0x00000000         0xffffffff

Linker script and memory map

                0x00010000                . = 0x10000

.startup        0x00010000       0x10
 startup.o(.text)
 .text          0x00010000       0x10 startup.o
                0x00010000                reset

.text           0x00010010       0x70
 *(.text)
 .text          0x00010010       0x18 App.o
                0x00010010                main
 .text          0x00010028       0x58 Uart.o
                0x00010028                UART_Send_string
 *(.rodata)

.glue_7         0x00010080        0x0
 .glue_7        0x00000000        0x0 linker stubs

.glue_7t        0x00010080        0x0
 .glue_7t       0x00000000        0x0 linker stubs

.vfp11_veneer   0x00010080        0x0
 .vfp11_veneer  0x00000000        0x0 linker stubs

.v4_bx          0x00010080        0x0
 .v4_bx         0x00000000        0x0 linker stubs

.iplt           0x00010080        0x0
 .iplt          0x00000000        0x0 startup.o

.rel.dyn        0x00010080        0x0
 .rel.iplt      0x00000000        0x0 startup.o

.data           0x00010080       0x64
 *(.data)
 .data          0x00010080        0x0 startup.o
 .data          0x00010080       0x64 App.o
                0x00010080                string_buffer
 .data          0x000100e4        0x0 Uart.o

.igot.plt       0x000100e4        0x0
 .igot.plt      0x00000000        0x0 startup.o

.bss            0x000100e4        0x0
 *(.bss)
 .bss           0x000100e4        0x0 startup.o
 .bss           0x000100e4        0x0 App.o
 .bss           0x000100e4        0x0 Uart.o
                0x000110e4                . = (. + 0x1000)
                0x000110e4                stack_top = .
LOAD startup.o
LOAD App.o
LOAD Uart.o
OUTPUT(learn-in-depth.elf elf32-littlearm)

.ARM.attributes
                0x00000000       0x2e
 .ARM.attributes
                0x00000000       0x22 startup.o
 .ARM.attributes
                0x00000022       0x32 App.o
 .ARM.attributes
                0x00000054       0x2c Uart.o

.comment        0x00000000       0x5a
 .comment       0x00000000       0x11 App.o
                                 0x12 (size before relaxing)
 .comment       0x00000011       0x49 Uart.o
                                 0x4a (size before relaxing)

.debug_info     0x00000000       0xc4
 .debug_info    0x00000000       0x6b App.o
 .debug_info    0x0000006b       0x59 Uart.o

.debug_abbrev   0x00000000       0xad
 .debug_abbrev  0x00000000       0x58 App.o
 .debug_abbrev  0x00000058       0x55 Uart.o

.debug_loc      0x00000000       0x2c
 .debug_loc     0x00000000       0x2c App.o

.debug_aranges  0x00000000       0x40
 .debug_aranges
                0x00000000       0x20 App.o
 .debug_aranges
                0x00000020       0x20 Uart.o

.debug_line     0x00000000       0x83
 .debug_line    0x00000000       0x35 App.o
 .debug_line    0x00000035       0x4e Uart.o

.debug_str      0x00000000       0xee
 .debug_str     0x00000000       0x6d App.o
 .debug_str     0x0000006d       0x81 Uart.o
                                 0xc0 (size before relaxing)

.debug_frame    0x00000000       0x5c
 .debug_frame   0x00000000       0x2c App.o
 .debug_frame   0x0000002c       0x30 Uart.o
